// Jest Snapshot v1, https://goo.gl/fbAQLP

exports[`renders correctly 1`] = `
<View
  style={
    Object {
      "alignItems": "center",
      "backgroundColor": "#000",
      "borderColor": "#7d7d7d",
      "borderWidth": 1,
      "justifyContent": "center",
      "marginLeft": 5,
      "marginRight": 5,
      "marginTop": 10,
      "paddingBottom": 20,
      "paddingTop": 20,
    }
  }
/>
`;
