// Jest Snapshot v1, https://goo.gl/fbAQLP

exports[`renders correctly 1`] = `
<View
  style={
    Object {
      "alignItems": "stretch",
      "flex": 6,
      "flexDirection": "column",
      "justifyContent": "flex-start",
      "marginBottom": 15,
      "marginTop": -10,
    }
  }
/>
`;
