// Jest Snapshot v1, https://goo.gl/fbAQLP

exports[`renders correctly 1`] = `
<View>
  <View
    style={
      Object {
        "height": 200,
        "marginTop": 20,
        "width": 400,
      }
    }
  >
    <Image
      source={
        Object {
          "uri": "test",
        }
      }
      style={
        Object {
          "flex": 1,
          "height": 200,
          "opacity": 0.9,
          "width": null,
        }
      }
    />
  </View>
  <View
    style={
      Object {
        "marginLeft": 6,
        "marginTop": 10,
      }
    }
  >
    <Text
      accessible={true}
      allowFontScaling={true}
      disabled={false}
      ellipsizeMode="tail"
      style={
        Object {
          "color": "#fff",
          "textAlign": "center",
        }
      }
    >
      TESTCITY
       | 
      TESTMONTH
    </Text>
  </View>
  <View
    accessibilityComponentType={undefined}
    accessibilityLabel={undefined}
    accessibilityTraits={undefined}
    accessible={true}
    hitSlop={undefined}
    isTVSelectable={true}
    nativeID={undefined}
    onLayout={undefined}
    onResponderGrant={[Function]}
    onResponderMove={[Function]}
    onResponderRelease={[Function]}
    onResponderTerminate={[Function]}
    onResponderTerminationRequest={[Function]}
    onStartShouldSetResponder={[Function]}
    style={
      Object {
        "opacity": 1,
      }
    }
    testID={undefined}
    tvParallaxProperties={undefined}
  >
    <View
      style={
        Object {
          "alignItems": "center",
          "backgroundColor": "#000",
          "borderColor": "#7d7d7d",
          "borderWidth": 1,
          "justifyContent": "center",
          "marginLeft": 5,
          "marginRight": 5,
          "marginTop": 10,
          "paddingBottom": 20,
          "paddingTop": 20,
        }
      }
    >
      <Text
        accessible={true}
        allowFontScaling={true}
        disabled={false}
        ellipsizeMode="tail"
        style={
          Object {
            "color": "#fff",
            "textAlign": "center",
          }
        }
      >
        Youtube
      </Text>
    </View>
  </View>
  <View
    accessibilityComponentType={undefined}
    accessibilityLabel={undefined}
    accessibilityTraits={undefined}
    accessible={true}
    hitSlop={undefined}
    isTVSelectable={true}
    nativeID={undefined}
    onLayout={undefined}
    onResponderGrant={[Function]}
    onResponderMove={[Function]}
    onResponderRelease={[Function]}
    onResponderTerminate={[Function]}
    onResponderTerminationRequest={[Function]}
    onStartShouldSetResponder={[Function]}
    style={
      Object {
        "opacity": 1,
      }
    }
    testID={undefined}
    tvParallaxProperties={undefined}
  >
    <View
      style={
        Object {
          "alignItems": "center",
          "backgroundColor": "#000",
          "borderColor": "#7d7d7d",
          "borderWidth": 1,
          "justifyContent": "center",
          "marginLeft": 5,
          "marginRight": 5,
          "marginTop": 10,
          "paddingBottom": 20,
          "paddingTop": 20,
        }
      }
    >
      <Text
        accessible={true}
        allowFontScaling={true}
        disabled={false}
        ellipsizeMode="tail"
        style={
          Object {
            "color": "#fff",
            "textAlign": "center",
          }
        }
      >
        Soundcloud
      </Text>
    </View>
  </View>
  <View
    style={
      Object {
        "alignItems": "center",
        "justifyContent": "center",
        "marginTop": 4,
      }
    }
  >
    <Image
      source={
        Object {
          "uri": undefined,
        }
      }
      style={
        Object {
          "height": 200,
          "width": 200,
        }
      }
    />
  </View>
</View>
`;
